1293689364982364923864238468927381649812364982164821346237846912386423178641236849234678129364785423897452390542345146735648549345